

================================================================
== Synthesis Summary Report of 'relu'
================================================================
+ General Information: 
    * Date:           Thu Jun 11 16:08:31 2026
    * Version:        2025.2 (Build 6295257 on Nov 14 2025)
    * Project:        relu
    * Solution:       hls (Vivado IP Flow Target)
    * Product family: zynquplus
    * Target device:  xck26-sfvc784-2LV-c
    

* Performance & Resource Estimates: 
+--------------+------+---------------+----------+---------+------+----------+---------+--------+------+------+----+---------+-----------+-----+
|    Modules   | Issue|               | Iteration|         | Trip |          |      Latency     |      |      |    |         |           |     |
|    & Loops   | Type | Violation Type|  Latency | Interval| Count| Pipelined| (cycles)|  (ns)  | Slack| BRAM | DSP|    FF   |    LUT    | URAM|
+--------------+------+---------------+----------+---------+------+----------+---------+--------+------+------+----+---------+-----------+-----+
|+ relu        |     -|              -|         -|        9|     -|    rewind|       11|  55.000|  1.97|     -|   -|  8 (~0%)|  126 (~0%)|    -|
| o RELU_LOOP  |     -|              -|         2|        1|     9|       yes|        9|  45.000|  3.65|     -|   -|        -|          -|    -|
+--------------+------+---------------+----------+---------+------+----------+---------+--------+------+------+----+---------+-----------+-----+
    Name Prefix: '+' for module, 'o' for loop, '*' for dataflow


================================================================
== HW Interfaces
================================================================
* AXIS
+------------+-----------+---------------+-------+-------+-------+--------+-------+--------+
| Interface  | Direction | Register Mode | TDATA | TKEEP | TLAST | TREADY | TSTRB | TVALID |
+------------+-----------+---------------+-------+-------+-------+--------+-------+--------+
| in_stream  | in        | both          | 16    | 2     | 1     | 1      | 2     | 1      |
| out_stream | out       | both          | 16    | 2     | 1     | 1      | 2     | 1      |
+------------+-----------+---------------+-------+-------+-------+--------+-------+--------+

* TOP LEVEL CONTROL
+-----------+------------+-----------------------------------+
| Interface | Type       | Ports                             |
+-----------+------------+-----------------------------------+
| ap_clk    | clock      | ap_clk                            |
| ap_rst_n  | reset      | ap_rst_n                          |
| ap_ctrl   | ap_ctrl_hs | ap_done ap_idle ap_ready ap_start |
+-----------+------------+-----------------------------------+


================================================================
== SW I/O Information
================================================================
* Top Function Arguments
+------------+-----------+------------------------------------------------------------------------------+
| Argument   | Direction | Datatype                                                                     |
+------------+-----------+------------------------------------------------------------------------------+
| in_stream  | in        | stream<hls::axis<ap_uint<16>, 0UL, 0UL, 0UL, (unsigned char)'8', false>, 0>& |
| out_stream | out       | stream<hls::axis<ap_uint<16>, 0UL, 0UL, 0UL, (unsigned char)'8', false>, 0>& |
+------------+-----------+------------------------------------------------------------------------------+

* SW-to-HW Mapping
+------------+--------------+-----------+
| Argument   | HW Interface | HW Type   |
+------------+--------------+-----------+
| in_stream  | in_stream    | interface |
| out_stream | out_stream   | interface |
+------------+--------------+-----------+


================================================================
== Bind Op Report
================================================================
+-----------------------+-----+--------+-----------+--------+----------+---------+
| Name                  | DSP | Pragma | Variable  | Op     | Impl     | Latency |
+-----------------------+-----+--------+-----------+--------+----------+---------+
| + relu                | 0   |        |           |        |          |         |
|   icmp_ln44_fu_129_p2 |     |        | icmp_ln44 | setgt  | auto     | 0       |
|   result_1_fu_135_p3  |     |        | result_1  | select | auto_sel | 0       |
|   i_3_fu_148_p2       |     |        | i_3       | add    | fabric   | 0       |
|   icmp_ln32_fu_154_p2 |     |        | icmp_ln32 | seteq  | auto     | 0       |
+-----------------------+-----+--------+-----------+--------+----------+---------+


================================================================
== Storage Report
================================================================
  No bind storage info in design

================================================================
== Pragma Report
================================================================
* Ignored Pragmas
+-----------+-----------------------------+-----------------------------------+-----------------------------+
| Type      | Options                     | Location                          | Messages                    |
+-----------+-----------------------------+-----------------------------------+-----------------------------+
| INTERFACE | ap_ctrl_none bundle=control | in relu (../../files/relu.cpp:30) | missing argument for 'port' |
+-----------+-----------------------------+-----------------------------------+-----------------------------+

* Valid Pragma Syntax
+-----------+-------------------------------+-----------------------------------+
| Type      | Options                       | Location                          |
+-----------+-------------------------------+-----------------------------------+
| INTERFACE | axis port=in_stream register  | in relu (../../files/relu.cpp:28) |
| INTERFACE | axis port=out_stream register | in relu (../../files/relu.cpp:29) |
| PIPELINE  | ii=1                          | in relu (../../files/relu.cpp:33) |
+-----------+-------------------------------+-----------------------------------+


