#-----------------------------------------------------------
# xsim v2025.2 (64-bit)
# SW Build 6299465 on Fri Nov 14 19:35:11 GMT 2025
# IP Build 6300035 on Fri Nov 14 10:48:45 MST 2025
# SharedData Build 6298862 on Thu Nov 13 04:50:51 MST 2025
# Start of session at: Thu Jun 11 15:52:39 2026
# Process ID         : 9384
# Current directory  : C:/Users/LAB2_PC10/Desktop/CHINNA/HLS_workspace/conv_ip/conv2d/hls/sim/verilog
# Command line       : xsim.exe -mode tcl -source {xsim.dir/conv2d/xsim_script.tcl}
# Log file           : C:/Users/LAB2_PC10/Desktop/CHINNA/HLS_workspace/conv_ip/conv2d/hls/sim/verilog/xsim.log
# Journal file       : C:/Users/LAB2_PC10/Desktop/CHINNA/HLS_workspace/conv_ip/conv2d/hls/sim/verilog\xsim.jou
# Running On         : DESKTOP-1HEQ2M2
# Platform           : Windows Server 2016 or Windows 10
# Operating System   : 26200
# Processor Detail   : Intel(R) Core(TM) i7-14700
# CPU Frequency      : 2112 MHz
# CPU Physical cores : 20
# CPU Logical cores  : 28
# Host memory        : 16938 MB
# Swap memory        : 9142 MB
# Total Virtual      : 26080 MB
# Available Virtual  : 2915 MB
#-----------------------------------------------------------
source xsim.dir/conv2d/xsim_script.tcl
source conv2d.tcl
